// Jest Snapshot v1, https://goo.gl/fbAQLP

exports[`Header should match snapshot 1`] = `
ShallowWrapper {
  "length": 1,
  Symbol(enzyme.__root__): [Circular],
  Symbol(enzyme.__unrendered__): <Unknown
    user={
        Object {
            "name": "Michael Scott",
          }
    }
/>,
  Symbol(enzyme.__renderer__): Object {
    "batchedUpdates": [Function],
    "getNode": [Function],
    "render": [Function],
    "simulateEvent": [Function],
    "unmount": [Function],
  },
  Symbol(enzyme.__node__): Object {
    "instance": null,
    "key": undefined,
    "nodeType": "host",
    "props": Object {
      "children": Array [
        <div
          className="welcome-favorites-div"
>
          <h3
                    className="welcome-text"
          >
                    Welcome Michael
          </h3>
          <div
                    className="button-div"
          >
                    <NavLink
                              activeClassName="active"
                              aria-current="page"
                              className="navlink logout-button"
                              onClick={undefined}
                              to="/"
                    >
                              Log out
                    </NavLink>
                    <NavLink
                              activeClassName="active"
                              aria-current="page"
                              className="navlink favorites-button"
                              to="/favorites"
                    >
                              favorites
                    </NavLink>
          </div>
</div>,
        <NavLink
          activeClassName="active"
          aria-current="page"
          className="title"
          to="/"
>
          <div
                    className="title"
          />
</NavLink>,
        <div
          className="login"
>
          <Connect(Login) />
</div>,
      ],
      "className": "header",
    },
    "ref": null,
    "rendered": Array [
      Object {
        "instance": null,
        "key": undefined,
        "nodeType": "host",
        "props": Object {
          "children": Array [
            <h3
              className="welcome-text"
>
              Welcome Michael
</h3>,
            <div
              className="button-div"
>
              <NavLink
                            activeClassName="active"
                            aria-current="page"
                            className="navlink logout-button"
                            onClick={undefined}
                            to="/"
              >
                            Log out
              </NavLink>
              <NavLink
                            activeClassName="active"
                            aria-current="page"
                            className="navlink favorites-button"
                            to="/favorites"
              >
                            favorites
              </NavLink>
</div>,
          ],
          "className": "welcome-favorites-div",
        },
        "ref": null,
        "rendered": Array [
          Object {
            "instance": null,
            "key": undefined,
            "nodeType": "host",
            "props": Object {
              "children": "Welcome Michael",
              "className": "welcome-text",
            },
            "ref": null,
            "rendered": "Welcome Michael",
            "type": "h3",
          },
          Object {
            "instance": null,
            "key": undefined,
            "nodeType": "host",
            "props": Object {
              "children": Array [
                <NavLink
                  activeClassName="active"
                  aria-current="page"
                  className="navlink logout-button"
                  onClick={undefined}
                  to="/"
>
                  Log out
</NavLink>,
                <NavLink
                  activeClassName="active"
                  aria-current="page"
                  className="navlink favorites-button"
                  to="/favorites"
>
                  favorites
</NavLink>,
              ],
              "className": "button-div",
            },
            "ref": null,
            "rendered": Array [
              Object {
                "instance": null,
                "key": undefined,
                "nodeType": "function",
                "props": Object {
                  "activeClassName": "active",
                  "aria-current": "page",
                  "children": "Log out",
                  "className": "navlink logout-button",
                  "onClick": undefined,
                  "to": "/",
                },
                "ref": null,
                "rendered": "Log out",
                "type": [Function],
              },
              Object {
                "instance": null,
                "key": undefined,
                "nodeType": "function",
                "props": Object {
                  "activeClassName": "active",
                  "aria-current": "page",
                  "children": "favorites",
                  "className": "navlink favorites-button",
                  "to": "/favorites",
                },
                "ref": null,
                "rendered": "favorites",
                "type": [Function],
              },
            ],
            "type": "div",
          },
        ],
        "type": "div",
      },
      Object {
        "instance": null,
        "key": undefined,
        "nodeType": "function",
        "props": Object {
          "activeClassName": "active",
          "aria-current": "page",
          "children": <div
            className="title"
/>,
          "className": "title",
          "to": "/",
        },
        "ref": null,
        "rendered": Object {
          "instance": null,
          "key": undefined,
          "nodeType": "host",
          "props": Object {
            "className": "title",
          },
          "ref": null,
          "rendered": null,
          "type": "div",
        },
        "type": [Function],
      },
      Object {
        "instance": null,
        "key": undefined,
        "nodeType": "host",
        "props": Object {
          "children": <Connect(Login) />,
          "className": "login",
        },
        "ref": null,
        "rendered": Object {
          "instance": null,
          "key": undefined,
          "nodeType": "class",
          "props": Object {},
          "ref": null,
          "rendered": null,
          "type": [Function],
        },
        "type": "div",
      },
    ],
    "type": "div",
  },
  Symbol(enzyme.__nodes__): Array [
    Object {
      "instance": null,
      "key": undefined,
      "nodeType": "host",
      "props": Object {
        "children": Array [
          <div
            className="welcome-favorites-div"
>
            <h3
                        className="welcome-text"
            >
                        Welcome Michael
            </h3>
            <div
                        className="button-div"
            >
                        <NavLink
                                    activeClassName="active"
                                    aria-current="page"
                                    className="navlink logout-button"
                                    onClick={undefined}
                                    to="/"
                        >
                                    Log out
                        </NavLink>
                        <NavLink
                                    activeClassName="active"
                                    aria-current="page"
                                    className="navlink favorites-button"
                                    to="/favorites"
                        >
                                    favorites
                        </NavLink>
            </div>
</div>,
          <NavLink
            activeClassName="active"
            aria-current="page"
            className="title"
            to="/"
>
            <div
                        className="title"
            />
</NavLink>,
          <div
            className="login"
>
            <Connect(Login) />
</div>,
        ],
        "className": "header",
      },
      "ref": null,
      "rendered": Array [
        Object {
          "instance": null,
          "key": undefined,
          "nodeType": "host",
          "props": Object {
            "children": Array [
              <h3
                className="welcome-text"
>
                Welcome Michael
</h3>,
              <div
                className="button-div"
>
                <NavLink
                                activeClassName="active"
                                aria-current="page"
                                className="navlink logout-button"
                                onClick={undefined}
                                to="/"
                >
                                Log out
                </NavLink>
                <NavLink
                                activeClassName="active"
                                aria-current="page"
                                className="navlink favorites-button"
                                to="/favorites"
                >
                                favorites
                </NavLink>
</div>,
            ],
            "className": "welcome-favorites-div",
          },
          "ref": null,
          "rendered": Array [
            Object {
              "instance": null,
              "key": undefined,
              "nodeType": "host",
              "props": Object {
                "children": "Welcome Michael",
                "className": "welcome-text",
              },
              "ref": null,
              "rendered": "Welcome Michael",
              "type": "h3",
            },
            Object {
              "instance": null,
              "key": undefined,
              "nodeType": "host",
              "props": Object {
                "children": Array [
                  <NavLink
                    activeClassName="active"
                    aria-current="page"
                    className="navlink logout-button"
                    onClick={undefined}
                    to="/"
>
                    Log out
</NavLink>,
                  <NavLink
                    activeClassName="active"
                    aria-current="page"
                    className="navlink favorites-button"
                    to="/favorites"
>
                    favorites
</NavLink>,
                ],
                "className": "button-div",
              },
              "ref": null,
              "rendered": Array [
                Object {
                  "instance": null,
                  "key": undefined,
                  "nodeType": "function",
                  "props": Object {
                    "activeClassName": "active",
                    "aria-current": "page",
                    "children": "Log out",
                    "className": "navlink logout-button",
                    "onClick": undefined,
                    "to": "/",
                  },
                  "ref": null,
                  "rendered": "Log out",
                  "type": [Function],
                },
                Object {
                  "instance": null,
                  "key": undefined,
                  "nodeType": "function",
                  "props": Object {
                    "activeClassName": "active",
                    "aria-current": "page",
                    "children": "favorites",
                    "className": "navlink favorites-button",
                    "to": "/favorites",
                  },
                  "ref": null,
                  "rendered": "favorites",
                  "type": [Function],
                },
              ],
              "type": "div",
            },
          ],
          "type": "div",
        },
        Object {
          "instance": null,
          "key": undefined,
          "nodeType": "function",
          "props": Object {
            "activeClassName": "active",
            "aria-current": "page",
            "children": <div
              className="title"
/>,
            "className": "title",
            "to": "/",
          },
          "ref": null,
          "rendered": Object {
            "instance": null,
            "key": undefined,
            "nodeType": "host",
            "props": Object {
              "className": "title",
            },
            "ref": null,
            "rendered": null,
            "type": "div",
          },
          "type": [Function],
        },
        Object {
          "instance": null,
          "key": undefined,
          "nodeType": "host",
          "props": Object {
            "children": <Connect(Login) />,
            "className": "login",
          },
          "ref": null,
          "rendered": Object {
            "instance": null,
            "key": undefined,
            "nodeType": "class",
            "props": Object {},
            "ref": null,
            "rendered": null,
            "type": [Function],
          },
          "type": "div",
        },
      ],
      "type": "div",
    },
  ],
  Symbol(enzyme.__options__): Object {
    "adapter": ReactSixteenAdapter {
      "options": Object {
        "enableComponentDidUpdateOnSetState": true,
      },
    },
  },
}
`;
