// Jest Snapshot v1, https://goo.gl/fbAQLP

exports[`Movie should match snapshot 1`] = `
ShallowWrapper {
  "length": 1,
  Symbol(enzyme.__root__): [Circular],
  Symbol(enzyme.__unrendered__): <Unknown />,
  Symbol(enzyme.__renderer__): Object {
    "batchedUpdates": [Function],
    "getNode": [Function],
    "render": [Function],
    "simulateEvent": [Function],
    "unmount": [Function],
  },
  Symbol(enzyme.__node__): Object {
    "instance": null,
    "key": undefined,
    "nodeType": "host",
    "props": Object {
      "children": Array [
        <div
          className="title-ratings-div"
>
          <span />
          <h1
                    className="movie-title"
          />
          <h4 />
</div>,
        <div
          className="poster-div"
>
          <img
                    className="poster"
                    src="https://image.tmdb.org/t/p/w600_and_h900_bestv2/undefined"
          />
</div>,
        <div
          className="overview"
>
          <p />
</div>,
        <div
          className="add-favorite-div"
>
          <button
                    className="add-favorite-button"
                    onClick={[Function]}
                    value={undefined}
          >
                    favorite
          </button>
</div>,
      ],
      "className": "movie",
    },
    "ref": null,
    "rendered": Array [
      Object {
        "instance": null,
        "key": undefined,
        "nodeType": "host",
        "props": Object {
          "children": Array [
            <span />,
            <h1
              className="movie-title"
/>,
            <h4 />,
          ],
          "className": "title-ratings-div",
        },
        "ref": null,
        "rendered": Array [
          Object {
            "instance": null,
            "key": undefined,
            "nodeType": "host",
            "props": Object {
              "children": "",
            },
            "ref": null,
            "rendered": "",
            "type": "span",
          },
          Object {
            "instance": null,
            "key": undefined,
            "nodeType": "host",
            "props": Object {
              "children": undefined,
              "className": "movie-title",
            },
            "ref": null,
            "rendered": null,
            "type": "h1",
          },
          Object {
            "instance": null,
            "key": undefined,
            "nodeType": "host",
            "props": Object {
              "children": undefined,
            },
            "ref": null,
            "rendered": null,
            "type": "h4",
          },
        ],
        "type": "div",
      },
      Object {
        "instance": null,
        "key": undefined,
        "nodeType": "host",
        "props": Object {
          "children": <img
            className="poster"
            src="https://image.tmdb.org/t/p/w600_and_h900_bestv2/undefined"
/>,
          "className": "poster-div",
        },
        "ref": null,
        "rendered": Object {
          "instance": null,
          "key": undefined,
          "nodeType": "host",
          "props": Object {
            "className": "poster",
            "src": "https://image.tmdb.org/t/p/w600_and_h900_bestv2/undefined",
          },
          "ref": null,
          "rendered": null,
          "type": "img",
        },
        "type": "div",
      },
      Object {
        "instance": null,
        "key": undefined,
        "nodeType": "host",
        "props": Object {
          "children": <p />,
          "className": "overview",
        },
        "ref": null,
        "rendered": Object {
          "instance": null,
          "key": undefined,
          "nodeType": "host",
          "props": Object {
            "children": undefined,
          },
          "ref": null,
          "rendered": null,
          "type": "p",
        },
        "type": "div",
      },
      Object {
        "instance": null,
        "key": undefined,
        "nodeType": "host",
        "props": Object {
          "children": <button
            className="add-favorite-button"
            onClick={[Function]}
            value={undefined}
>
            favorite
</button>,
          "className": "add-favorite-div",
        },
        "ref": null,
        "rendered": Object {
          "instance": null,
          "key": undefined,
          "nodeType": "host",
          "props": Object {
            "children": "favorite",
            "className": "add-favorite-button",
            "onClick": [Function],
            "value": undefined,
          },
          "ref": null,
          "rendered": "favorite",
          "type": "button",
        },
        "type": "div",
      },
    ],
    "type": "div",
  },
  Symbol(enzyme.__nodes__): Array [
    Object {
      "instance": null,
      "key": undefined,
      "nodeType": "host",
      "props": Object {
        "children": Array [
          <div
            className="title-ratings-div"
>
            <span />
            <h1
                        className="movie-title"
            />
            <h4 />
</div>,
          <div
            className="poster-div"
>
            <img
                        className="poster"
                        src="https://image.tmdb.org/t/p/w600_and_h900_bestv2/undefined"
            />
</div>,
          <div
            className="overview"
>
            <p />
</div>,
          <div
            className="add-favorite-div"
>
            <button
                        className="add-favorite-button"
                        onClick={[Function]}
                        value={undefined}
            >
                        favorite
            </button>
</div>,
        ],
        "className": "movie",
      },
      "ref": null,
      "rendered": Array [
        Object {
          "instance": null,
          "key": undefined,
          "nodeType": "host",
          "props": Object {
            "children": Array [
              <span />,
              <h1
                className="movie-title"
/>,
              <h4 />,
            ],
            "className": "title-ratings-div",
          },
          "ref": null,
          "rendered": Array [
            Object {
              "instance": null,
              "key": undefined,
              "nodeType": "host",
              "props": Object {
                "children": "",
              },
              "ref": null,
              "rendered": "",
              "type": "span",
            },
            Object {
              "instance": null,
              "key": undefined,
              "nodeType": "host",
              "props": Object {
                "children": undefined,
                "className": "movie-title",
              },
              "ref": null,
              "rendered": null,
              "type": "h1",
            },
            Object {
              "instance": null,
              "key": undefined,
              "nodeType": "host",
              "props": Object {
                "children": undefined,
              },
              "ref": null,
              "rendered": null,
              "type": "h4",
            },
          ],
          "type": "div",
        },
        Object {
          "instance": null,
          "key": undefined,
          "nodeType": "host",
          "props": Object {
            "children": <img
              className="poster"
              src="https://image.tmdb.org/t/p/w600_and_h900_bestv2/undefined"
/>,
            "className": "poster-div",
          },
          "ref": null,
          "rendered": Object {
            "instance": null,
            "key": undefined,
            "nodeType": "host",
            "props": Object {
              "className": "poster",
              "src": "https://image.tmdb.org/t/p/w600_and_h900_bestv2/undefined",
            },
            "ref": null,
            "rendered": null,
            "type": "img",
          },
          "type": "div",
        },
        Object {
          "instance": null,
          "key": undefined,
          "nodeType": "host",
          "props": Object {
            "children": <p />,
            "className": "overview",
          },
          "ref": null,
          "rendered": Object {
            "instance": null,
            "key": undefined,
            "nodeType": "host",
            "props": Object {
              "children": undefined,
            },
            "ref": null,
            "rendered": null,
            "type": "p",
          },
          "type": "div",
        },
        Object {
          "instance": null,
          "key": undefined,
          "nodeType": "host",
          "props": Object {
            "children": <button
              className="add-favorite-button"
              onClick={[Function]}
              value={undefined}
>
              favorite
</button>,
            "className": "add-favorite-div",
          },
          "ref": null,
          "rendered": Object {
            "instance": null,
            "key": undefined,
            "nodeType": "host",
            "props": Object {
              "children": "favorite",
              "className": "add-favorite-button",
              "onClick": [Function],
              "value": undefined,
            },
            "ref": null,
            "rendered": "favorite",
            "type": "button",
          },
          "type": "div",
        },
      ],
      "type": "div",
    },
  ],
  Symbol(enzyme.__options__): Object {
    "adapter": ReactSixteenAdapter {
      "options": Object {
        "enableComponentDidUpdateOnSetState": true,
      },
    },
  },
}
`;
